43.135.172.89 - - [12/May/2025:08:11:25 +0200] "GET /tags/debian/page/2/ HTTP/1.1" 200 4363 "-" "Mozilla/5.0 (iPhone; CPU iPhone OS 13_2_3 like Mac OS X) AppleWebKit/605.1.15 (KHTML, like Gecko) Version/13.0.3 Mobile/15E148 Safari/604.1" "Traffic IN:906 OUT:8051" "ReqTime:0 sec"
62.138.3.52 - - [12/May/2025:08:13:59 +0200] "GET /robots.txt HTTP/1.1" 200 13 "-" "Mozilla/5.0 (X11; Linux x86_64) AppleWebKit/537.36 (KHTML, like Gecko) Chrome/124.0.0.0 Safari/537.36" "Traffic IN:827 OUT:3699" "ReqTime:0 sec"
62.138.3.52 - - [12/May/2025:08:13:59 +0200] "GET /lpi-lpic-1-fastlearn/ HTTP/1.1" 200 5980 "-" "Mozilla/5.0 (X11; Linux x86_64) AppleWebKit/537.36 (KHTML, like Gecko) Chrome/124.0.0.0 Safari/537.36" "Traffic IN:895 OUT:6632" "ReqTime:0 sec"
62.138.3.52 - - [12/May/2025:08:14:28 +0200] "GET /categories/shell/page/5/ HTTP/1.1" 200 4398 "-" "Mozilla/5.0 (X11; Linux x86_64) AppleWebKit/537.36 (KHTML, like Gecko) Chrome/124.0.0.0 Safari/537.36" "Traffic IN:898 OUT:5050" "ReqTime:0 sec"
62.138.2.14 - - [12/May/2025:08:22:10 +0200] "GET /robots.txt HTTP/1.1" 200 13 "-" "Mozilla/5.0 (X11; Linux x86_64) AppleWebKit/537.36 (KHTML, like Gecko) Chrome/124.0.0.0 Safari/537.36" "Traffic IN:835 OUT:3699" "ReqTime:0 sec"
62.138.2.14 - - [12/May/2025:08:22:11 +0200] "GET /p/alias-befehl-unter-linux/ HTTP/1.1" 200 6339 "-" "Mozilla/5.0 (X11; Linux x86_64) AppleWebKit/537.36 (KHTML, like Gecko) Chrome/124.0.0.0 Safari/537.36" "Traffic IN:909 OUT:6991" "ReqTime:0 sec"
47.128.37.51 - - [12/May/2025:08:22:13 +0200] "GET /ubuntu-intensiv-workshop/ HTTP/2.0" 429 227 "-" "Mozilla/5.0 (compatible; Bytespider; spider-feedback@bytedance.com) AppleWebKit/537.36 (KHTML, like Gecko) Chrome/70.0.0.0 Safari/537.36" "Traffic IN:0 OUT:312" "ReqTime:0 sec"
43.135.133.241 - - [12/May/2025:08:22:27 +0200] "GET /tags/debian/page/4/ HTTP/1.1" 200 4400 "-" "Mozilla/5.0 (iPhone; CPU iPhone OS 13_2_3 like Mac OS X) AppleWebKit/605.1.15 (KHTML, like Gecko) Version/13.0.3 Mobile/15E148 Safari/604.1" "Traffic IN:906 OUT:8088" "ReqTime:0 sec"
62.138.2.14 - - [12/May/2025:08:23:08 +0200] "GET /ubuntu-intensiv-workshop/ HTTP/1.1" 200 5913 "-" "Mozilla/5.0 (X11; Linux x86_64) AppleWebKit/537.36 (KHTML, like Gecko) Chrome/124.0.0.0 Safari/537.36" "Traffic IN:907 OUT:6565" "ReqTime:0 sec"
47.128.50.0 - - [12/May/2025:08:26:38 +0200] "GET /lpi-linux-essentials/ HTTP/2.0" 429 227 "-" "Mozilla/5.0 (compatible; Bytespider; spider-feedback@bytedance.com) AppleWebKit/537.36 (KHTML, like Gecko) Chrome/70.0.0.0 Safari/537.36" "Traffic IN:0 OUT:312" "ReqTime:0 sec"
43.135.148.92 - - [12/May/2025:08:29:52 +0200] "GET /p/tar-befehl-unter-linux/ HTTP/1.1" 200 7026 "-" "Mozilla/5.0 (iPhone; CPU iPhone OS 13_2_3 like Mac OS X) AppleWebKit/605.1.15 (KHTML, like Gecko) Version/13.0.3 Mobile/15E148 Safari/604.1" "Traffic IN:912 OUT:10714" "ReqTime:0 sec"
47.128.18.10 - - [12/May/2025:08:30:13 +0200] "GET /robots.txt HTTP/1.1" 200 13 "-" "Mozilla/5.0 (Linux; Android 5.0) AppleWebKit/537.36 (KHTML, like Gecko) Mobile Safari/537.36 (compatible; Bytespider; spider-feedback@bytedance.com)" "Traffic IN:1002 OUT:3550" "ReqTime:0 sec"
62.138.2.14 - - [12/May/2025:08:30:51 +0200] "GET /robots.txt HTTP/1.1" 200 13 "-" "Mozilla/5.0 (X11; Linux x86_64) AppleWebKit/537.36 (KHTML, like Gecko) Chrome/124.0.0.0 Safari/537.36" "Traffic IN:892 OUT:3667" "ReqTime:0 sec"
62.138.2.14 - - [12/May/2025:08:30:53 +0200] "GET /ubuntu-intensiv-workshop/ HTTP/1.1" 200 5913 "-" "Mozilla/5.0 (X11; Linux x86_64) AppleWebKit/537.36 (KHTML, like Gecko) Chrome/124.0.0.0 Safari/537.36" "Traffic IN:907 OUT:6565" "ReqTime:0 sec"
62.138.2.14 - - [12/May/2025:08:31:14 +0200] "GET /categories/soft-link/ HTTP/1.1" 200 4156 "-" "Mozilla/5.0 (X11; Linux x86_64) AppleWebKit/537.36 (KHTML, like Gecko) Chrome/124.0.0.0 Safari/537.36" "Traffic IN:903 OUT:4808" "ReqTime:0 sec"
62.138.2.14 - - [12/May/2025:08:32:34 +0200] "GET /p/echo-befehl-unter-linux/ HTTP/1.1" 200 7391 "-" "Mozilla/5.0 (X11; Linux x86_64) AppleWebKit/537.36 (KHTML, like Gecko) Chrome/124.0.0.0 Safari/537.36" "Traffic IN:908 OUT:11078" "ReqTime:0 sec"
66.249.81.196 - - [12/May/2025:08:38:00 +0200] "GET /.well-known/traffic-advice HTTP/1.1" 404 15446 "-" "Chrome Privacy Preserving Prefetch Proxy" "Traffic IN:823 OUT:19170" "ReqTime:0 sec"
193.186.4.94 - - [12/May/2025:08:38:00 +0200] "GET /p/ln-befehl-unter-linux/ HTTP/2.0" 200 6316 "https://www.google.com/" "Mozilla/5.0 (Windows NT 10.0; Win64; x64) AppleWebKit/537.36 (KHTML, like Gecko) Chrome/136.0.0.0 Safari/537.36" "Traffic IN:547 OUT:6460" "ReqTime:0 sec"
162.120.187.64 - - [12/May/2025:08:38:19 +0200] "GET /p/ln-befehl-unter-linux/ HTTP/2.0" 200 6316 "https://www.google.com/" "Mozilla/5.0 (Windows NT 10.0; Win64; x64) AppleWebKit/537.36 (KHTML, like Gecko) Chrome/136.0.0.0 Safari/537.36" "Traffic IN:547 OUT:6460" "ReqTime:0 sec"
46.5.254.226 - - [12/May/2025:08:38:24 +0200] "GET /scss/style.min.663803bebe609202d5b39d848f2d7c2dc8b598a2d879efa079fa88893d29c49c.css HTTP/2.0" 200 7173 "https://linux-trainings.de/p/ln-befehl-unter-linux/" "Mozilla/5.0 (Windows NT 10.0; Win64; x64) AppleWebKit/537.36 (KHTML, like Gecko) Chrome/136.0.0.0 Safari/537.36" "Traffic IN:459 OUT:7316" "ReqTime:0 sec"
46.5.254.226 - - [12/May/2025:08:38:24 +0200] "GET /ts/main.1e9a3bafd846ced4c345d084b355fb8c7bae75701c338f8a1f8a82c780137826.js HTTP/2.0" 200 3193 "https://linux-trainings.de/p/ln-befehl-unter-linux/" "Mozilla/5.0 (Windows NT 10.0; Win64; x64) AppleWebKit/537.36 (KHTML, like Gecko) Chrome/136.0.0.0 Safari/537.36" "Traffic IN:94 OUT:3263" "ReqTime:0 sec"
46.5.254.226 - - [12/May/2025:08:38:25 +0200] "GET /img/linux_trainings_hu13156771285612485734.png HTTP/2.0" 200 5986 "https://linux-trainings.de/p/ln-befehl-unter-linux/" "Mozilla/5.0 (Windows NT 10.0; Win64; x64) AppleWebKit/537.36 (KHTML, like Gecko) Chrome/136.0.0.0 Safari/537.36" "Traffic IN:124 OUT:6066" "ReqTime:0 sec"
46.5.254.226 - - [12/May/2025:08:38:25 +0200] "GET /favicon.ico HTTP/2.0" 200 2869 "https://linux-trainings.de/p/ln-befehl-unter-linux/" "Mozilla/5.0 (Windows NT 10.0; Win64; x64) AppleWebKit/537.36 (KHTML, like Gecko) Chrome/136.0.0.0 Safari/537.36" "Traffic IN:46 OUT:2954" "ReqTime:0 sec"
62.138.2.14 - - [12/May/2025:08:40:16 +0200] "GET /p/echo-befehl-unter-linux/ HTTP/1.1" 200 7391 "-" "Mozilla/5.0 (X11; Linux x86_64) AppleWebKit/537.36 (KHTML, like Gecko) Chrome/124.0.0.0 Safari/537.36" "Traffic IN:908 OUT:11078" "ReqTime:0 sec"
49.51.183.220 - - [12/May/2025:08:41:53 +0200] "GET /tags/debian/index.xml HTTP/1.1" 200 49592 "-" "Mozilla/5.0 (iPhone; CPU iPhone OS 13_2_3 like Mac OS X) AppleWebKit/605.1.15 (KHTML, like Gecko) Version/13.0.3 Mobile/15E148 Safari/604.1" "Traffic IN:908 OUT:53464" "ReqTime:0 sec"
89.56.98.186 - - [12/May/2025:08:42:28 +0200] "GET /p/head-und-tail-befehl-unter-linux/ HTTP/2.0" 200 7051 "https://linux-trainings.de/" "Mozilla/5.0 (Macintosh; Intel Mac OS X 10.15; rv:138.0) Gecko/20100101 Firefox/138.0" "Traffic IN:356 OUT:7195" "ReqTime:0 sec"
89.56.98.186 - - [12/May/2025:08:42:28 +0200] "GET /scss/style.min.663803bebe609202d5b39d848f2d7c2dc8b598a2d879efa079fa88893d29c49c.css HTTP/2.0" 200 7173 "https://linux-trainings.de/p/head-und-tail-befehl-unter-linux/" "Mozilla/5.0 (Macintosh; Intel Mac OS X 10.15; rv:138.0) Gecko/20100101 Firefox/138.0" "Traffic IN:180 OUT:7233" "ReqTime:0 sec"
89.56.98.186 - - [12/May/2025:08:42:28 +0200] "GET /ts/main.1e9a3bafd846ced4c345d084b355fb8c7bae75701c338f8a1f8a82c780137826.js HTTP/2.0" 200 3193 "https://linux-trainings.de/p/head-und-tail-befehl-unter-linux/" "Mozilla/5.0 (Macintosh; Intel Mac OS X 10.15; rv:138.0) Gecko/20100101 Firefox/138.0" "Traffic IN:93 OUT:3263" "ReqTime:0 sec"
89.56.98.186 - - [12/May/2025:08:42:28 +0200] "GET /img/linux_trainings_hu13156771285612485734.png HTTP/2.0" 200 5986 "https://linux-trainings.de/p/head-und-tail-befehl-unter-linux/" "Mozilla/5.0 (Macintosh; Intel Mac OS X 10.15; rv:138.0) Gecko/20100101 Firefox/138.0" "Traffic IN:131 OUT:6043" "ReqTime:0 sec"
89.56.98.186 - - [12/May/2025:08:42:28 +0200] "GET /favicon.ico HTTP/2.0" 200 2869 "https://linux-trainings.de/p/head-und-tail-befehl-unter-linux/" "Mozilla/5.0 (Macintosh; Intel Mac OS X 10.15; rv:138.0) Gecko/20100101 Firefox/138.0" "Traffic IN:43 OUT:2954" "ReqTime:0 sec"
62.138.2.14 - - [12/May/2025:08:44:27 +0200] "GET /page/3/ HTTP/1.1" 200 4920 "-" "Mozilla/5.0 (X11; Linux x86_64) AppleWebKit/537.36 (KHTML, like Gecko) Chrome/124.0.0.0 Safari/537.36" "Traffic IN:889 OUT:5572" "ReqTime:0 sec"
62.138.2.14 - - [12/May/2025:08:45:10 +0200] "GET /tags/lpic-1/ HTTP/1.1" 200 4235 "-" "Mozilla/5.0 (X11; Linux x86_64) AppleWebKit/537.36 (KHTML, like Gecko) Chrome/124.0.0.0 Safari/537.36" "Traffic IN:894 OUT:4887" "ReqTime:0 sec"
43.135.134.127 - - [12/May/2025:08:52:19 +0200] "GET /page/4/ HTTP/1.1" 200 4868 "-" "Mozilla/5.0 (iPhone; CPU iPhone OS 13_2_3 like Mac OS X) AppleWebKit/605.1.15 (KHTML, like Gecko) Version/13.0.3 Mobile/15E148 Safari/604.1" "Traffic IN:894 OUT:8556" "ReqTime:0 sec"
62.138.2.14 - - [12/May/2025:08:59:46 +0200] "GET /robots.txt HTTP/1.1" 200 13 "-" "Mozilla/5.0 (X11; Linux x86_64) AppleWebKit/537.36 (KHTML, like Gecko) Chrome/124.0.0.0 Safari/537.36" "Traffic IN:835 OUT:3699" "ReqTime:0 sec"
62.138.2.14 - - [12/May/2025:08:59:47 +0200] "GET /categories/iso/ HTTP/1.1" 200 4166 "-" "Mozilla/5.0 (X11; Linux x86_64) AppleWebKit/537.36 (KHTML, like Gecko) Chrome/124.0.0.0 Safari/537.36" "Traffic IN:897 OUT:4818" "ReqTime:0 sec"
62.138.3.52 - - [12/May/2025:09:00:22 +0200] "GET /robots.txt HTTP/1.1" 200 13 "-" "Mozilla/5.0 (X11; Linux x86_64) AppleWebKit/537.36 (KHTML, like Gecko) Chrome/124.0.0.0 Safari/537.36" "Traffic IN:827 OUT:3699" "ReqTime:0 sec"
62.138.3.52 - - [12/May/2025:09:00:23 +0200] "GET /categories/shell/page/2/ HTTP/1.1" 200 4398 "-" "Mozilla/5.0 (X11; Linux x86_64) AppleWebKit/537.36 (KHTML, like Gecko) Chrome/124.0.0.0 Safari/537.36" "Traffic IN:898 OUT:5050" "ReqTime:0 sec"
43.166.237.57 - - [12/May/2025:09:01:32 +0200] "GET /categories/tail/ HTTP/1.1" 200 4159 "-" "Mozilla/5.0 (iPhone; CPU iPhone OS 13_2_3 like Mac OS X) AppleWebKit/605.1.15 (KHTML, like Gecko) Version/13.0.3 Mobile/15E148 Safari/604.1" "Traffic IN:903 OUT:7847" "ReqTime:0 sec"
62.138.3.52 - - [12/May/2025:09:02:23 +0200] "GET /tags/page/5/ HTTP/1.1" 200 4265 "-" "Mozilla/5.0 (X11; Linux x86_64) AppleWebKit/537.36 (KHTML, like Gecko) Chrome/124.0.0.0 Safari/537.36" "Traffic IN:886 OUT:4917" "ReqTime:0 sec"
62.138.2.14 - - [12/May/2025:09:04:10 +0200] "GET /tags/suse/page/3/ HTTP/1.1" 200 4397 "-" "Mozilla/5.0 (X11; Linux x86_64) AppleWebKit/537.36 (KHTML, like Gecko) Chrome/124.0.0.0 Safari/537.36" "Traffic IN:899 OUT:5049" "ReqTime:0 sec"
62.138.3.52 - - [12/May/2025:09:07:33 +0200] "GET /tags/page/2/ HTTP/1.1" 200 4316 "-" "Mozilla/5.0 (X11; Linux x86_64) AppleWebKit/537.36 (KHTML, like Gecko) Chrome/124.0.0.0 Safari/537.36" "Traffic IN:886 OUT:8003" "ReqTime:0 sec"
62.138.2.14 - - [12/May/2025:09:07:45 +0200] "GET /p/tldr-befehl-unter-linux/ HTTP/1.1" 200 6092 "-" "Mozilla/5.0 (X11; Linux x86_64) AppleWebKit/537.36 (KHTML, like Gecko) Chrome/124.0.0.0 Safari/537.36" "Traffic IN:908 OUT:6744" "ReqTime:0 sec"
3.224.62.45 - - [12/May/2025:09:11:18 +0200] "GET /robots.txt HTTP/1.1" 200 17 "-" "Mozilla/5.0 AppleWebKit/537.36 (KHTML, like Gecko; compatible; PerplexityBot/1.0; +https://perplexity.ai/perplexitybot)" "Traffic IN:1075 OUT:3706" "ReqTime:0 sec"
62.138.2.14 - - [12/May/2025:09:11:34 +0200] "GET /p/ln-befehl-unter-linux/ HTTP/1.1" 200 6698 "-" "Mozilla/5.0 (X11; Linux x86_64) AppleWebKit/537.36 (KHTML, like Gecko) Chrome/124.0.0.0 Safari/537.36" "Traffic IN:906 OUT:7350" "ReqTime:0 sec"
43.159.148.221 - - [12/May/2025:09:12:39 +0200] "GET /categories/regex/ HTTP/1.1" 200 4149 "-" "Mozilla/5.0 (iPhone; CPU iPhone OS 13_2_3 like Mac OS X) AppleWebKit/605.1.15 (KHTML, like Gecko) Version/13.0.3 Mobile/15E148 Safari/604.1" "Traffic IN:904 OUT:7837" "ReqTime:0 sec"
62.138.3.52 - - [12/May/2025:09:13:02 +0200] "GET /tags/page/2/ HTTP/1.1" 200 4316 "-" "Mozilla/5.0 (X11; Linux x86_64) AppleWebKit/537.36 (KHTML, like Gecko) Chrome/124.0.0.0 Safari/537.36" "Traffic IN:886 OUT:8003" "ReqTime:0 sec"
62.138.3.52 - - [12/May/2025:09:15:48 +0200] "GET /google-cloud-plattform-gcp-grundlagen/ HTTP/1.1" 200 5664 "-" "Mozilla/5.0 (X11; Linux x86_64) AppleWebKit/537.36 (KHTML, like Gecko) Chrome/124.0.0.0 Safari/537.36" "Traffic IN:912 OUT:6316" "ReqTime:0 sec"
62.138.3.52 - - [12/May/2025:09:16:06 +0200] "GET /p/ln-befehl-unter-linux HTTP/1.1" 301 259 "-" "Mozilla/5.0 (X11; Linux x86_64) AppleWebKit/537.36 (KHTML, like Gecko) Chrome/124.0.0.0 Safari/537.36" "Traffic IN:897 OUT:823" "ReqTime:0 sec"
62.138.2.14 - - [12/May/2025:09:17:54 +0200] "GET /categories/live-environment/ HTTP/1.1" 200 4180 "-" "Mozilla/5.0 (X11; Linux x86_64) AppleWebKit/537.36 (KHTML, like Gecko) Chrome/124.0.0.0 Safari/537.36" "Traffic IN:910 OUT:7867" "ReqTime:0 sec"
43.130.47.33 - - [12/May/2025:09:20:23 +0200] "GET /p/tldr-befehl-unter-linux/ HTTP/1.1" 200 6092 "-" "Mozilla/5.0 (iPhone; CPU iPhone OS 13_2_3 like Mac OS X) AppleWebKit/605.1.15 (KHTML, like Gecko) Version/13.0.3 Mobile/15E148 Safari/604.1" "Traffic IN:913 OUT:9780" "ReqTime:0 sec"
47.128.34.130 - - [12/May/2025:09:21:02 +0200] "GET /archiv/ HTTP/2.0" 200 4445 "-" "Mozilla/5.0 (compatible; Bytespider; spider-feedback@bytedance.com) AppleWebKit/537.36 (KHTML, like Gecko) Chrome/70.0.0.0 Safari/537.36" "Traffic IN:377 OUT:4589" "ReqTime:0 sec"
62.138.2.14 - - [12/May/2025:09:21:34 +0200] "GET /p/ln-befehl-unter-linux/ HTTP/1.1" 200 6698 "-" "Mozilla/5.0 (X11; Linux x86_64) AppleWebKit/537.36 (KHTML, like Gecko) Chrome/124.0.0.0 Safari/537.36" "Traffic IN:906 OUT:7350" "ReqTime:0 sec"
62.138.2.14 - - [12/May/2025:09:22:33 +0200] "GET /p/pwd-befehl-unter-linux/ HTTP/1.1" 200 6085 "-" "Mozilla/5.0 (X11; Linux x86_64) AppleWebKit/537.36 (KHTML, like Gecko) Chrome/124.0.0.0 Safari/537.36" "Traffic IN:907 OUT:6737" "ReqTime:0 sec"
62.138.3.52 - - [12/May/2025:09:24:40 +0200] "GET /robots.txt HTTP/1.1" 200 13 "-" "Mozilla/5.0 (X11; Linux x86_64) AppleWebKit/537.36 (KHTML, like Gecko) Chrome/124.0.0.0 Safari/537.36" "Traffic IN:884 OUT:3667" "ReqTime:0 sec"
62.138.3.52 - - [12/May/2025:09:24:40 +0200] "GET /p/ln-befehl-unter-linux HTTP/1.1" 301 259 "-" "Mozilla/5.0 (X11; Linux x86_64) AppleWebKit/537.36 (KHTML, like Gecko) Chrome/124.0.0.0 Safari/537.36" "Traffic IN:897 OUT:823" "ReqTime:0 sec"
62.138.3.52 - - [12/May/2025:09:25:46 +0200] "GET /google-cloud-plattform-gcp-grundlagen/ HTTP/1.1" 200 5664 "-" "Mozilla/5.0 (X11; Linux x86_64) AppleWebKit/537.36 (KHTML, like Gecko) Chrome/124.0.0.0 Safari/537.36" "Traffic IN:912 OUT:6316" "ReqTime:0 sec"
62.138.3.52 - - [12/May/2025:09:27:55 +0200] "GET /categories/uname/ HTTP/1.1" 200 4149 "-" "Mozilla/5.0 (X11; Linux x86_64) AppleWebKit/537.36 (KHTML, like Gecko) Chrome/124.0.0.0 Safari/537.36" "Traffic IN:891 OUT:4801" "ReqTime:0 sec"
62.138.3.52 - - [12/May/2025:09:30:02 +0200] "GET /datenbankentwicklung-mit-postgresql-kompaktkurs/ HTTP/1.1" 200 5646 "-" "Mozilla/5.0 (X11; Linux x86_64) AppleWebKit/537.36 (KHTML, like Gecko) Chrome/124.0.0.0 Safari/537.36" "Traffic IN:922 OUT:6298" "ReqTime:0 sec"
62.138.2.14 - - [12/May/2025:09:30:09 +0200] "GET /categories/live-environment/ HTTP/1.1" 200 4180 "-" "Mozilla/5.0 (X11; Linux x86_64) AppleWebKit/537.36 (KHTML, like Gecko) Chrome/124.0.0.0 Safari/537.36" "Traffic IN:910 OUT:7867" "ReqTime:0 sec"
62.138.2.14 - - [12/May/2025:09:33:28 +0200] "GET /p/pwd-befehl-unter-linux/ HTTP/1.1" 200 6085 "-" "Mozilla/5.0 (X11; Linux x86_64) AppleWebKit/537.36 (KHTML, like Gecko) Chrome/124.0.0.0 Safari/537.36" "Traffic IN:907 OUT:6737" "ReqTime:0 sec"
170.106.163.48 - - [12/May/2025:09:33:37 +0200] "GET /p/tar-befehl-unter-linux/ HTTP/1.1" 200 7026 "-" "Mozilla/5.0 (iPhone; CPU iPhone OS 13_2_3 like Mac OS X) AppleWebKit/605.1.15 (KHTML, like Gecko) Version/13.0.3 Mobile/15E148 Safari/604.1" "Traffic IN:912 OUT:10714" "ReqTime:0 sec"
62.138.2.14 - - [12/May/2025:09:36:33 +0200] "GET /categories/neofetch/ HTTP/1.1" 200 4168 "-" "Mozilla/5.0 (X11; Linux x86_64) AppleWebKit/537.36 (KHTML, like Gecko) Chrome/124.0.0.0 Safari/537.36" "Traffic IN:902 OUT:4820" "ReqTime:0 sec"
62.138.3.52 - - [12/May/2025:09:36:39 +0200] "GET /categories/uname/ HTTP/1.1" 200 4149 "-" "Mozilla/5.0 (X11; Linux x86_64) AppleWebKit/537.36 (KHTML, like Gecko) Chrome/124.0.0.0 Safari/537.36" "Traffic IN:891 OUT:7836" "ReqTime:0 sec"
43.130.67.33 - - [12/May/2025:09:42:10 +0200] "GET /tags/debian/index.xml HTTP/1.1" 200 49592 "-" "Mozilla/5.0 (iPhone; CPU iPhone OS 13_2_3 like Mac OS X) AppleWebKit/605.1.15 (KHTML, like Gecko) Version/13.0.3 Mobile/15E148 Safari/604.1" "Traffic IN:908 OUT:53464" "ReqTime:0 sec"
62.138.2.14 - - [12/May/2025:09:45:39 +0200] "GET /robots.txt HTTP/1.1" 200 13 "-" "Mozilla/5.0 (X11; Linux x86_64) AppleWebKit/537.36 (KHTML, like Gecko) Chrome/124.0.0.0 Safari/537.36" "Traffic IN:835 OUT:3699" "ReqTime:0 sec"
62.138.2.14 - - [12/May/2025:09:45:39 +0200] "GET /categories/screenfetch/ HTTP/1.1" 200 4170 "-" "Mozilla/5.0 (X11; Linux x86_64) AppleWebKit/537.36 (KHTML, like Gecko) Chrome/124.0.0.0 Safari/537.36" "Traffic IN:905 OUT:4822" "ReqTime:0 sec"
62.138.3.52 - - [12/May/2025:09:46:57 +0200] "GET /robots.txt HTTP/1.1" 200 13 "-" "Mozilla/5.0 (X11; Linux x86_64) AppleWebKit/537.36 (KHTML, like Gecko) Chrome/124.0.0.0 Safari/537.36" "Traffic IN:827 OUT:3699" "ReqTime:0 sec"
62.138.3.52 - - [12/May/2025:09:46:57 +0200] "GET /datenbankentwicklung-mit-postgresql-grundlagen/ HTTP/1.1" 200 5791 "-" "Mozilla/5.0 (X11; Linux x86_64) AppleWebKit/537.36 (KHTML, like Gecko) Chrome/124.0.0.0 Safari/537.36" "Traffic IN:921 OUT:6443" "ReqTime:0 sec"
62.138.2.14 - - [12/May/2025:09:46:59 +0200] "GET /p/mkdir-befehl-unter-linux/ HTTP/1.1" 200 6560 "-" "Mozilla/5.0 (X11; Linux x86_64) AppleWebKit/537.36 (KHTML, like Gecko) Chrome/124.0.0.0 Safari/537.36" "Traffic IN:909 OUT:7212" "ReqTime:0 sec"
62.138.3.52 - - [12/May/2025:09:47:38 +0200] "GET /p/less-und-more-befehl-unter-linux/ HTTP/1.1" 200 6890 "-" "Mozilla/5.0 (X11; Linux x86_64) AppleWebKit/537.36 (KHTML, like Gecko) Chrome/124.0.0.0 Safari/537.36" "Traffic IN:909 OUT:7542" "ReqTime:0 sec"
170.106.65.93 - - [12/May/2025:09:51:49 +0200] "GET /page/3/ HTTP/1.1" 200 4920 "-" "Mozilla/5.0 (iPhone; CPU iPhone OS 13_2_3 like Mac OS X) AppleWebKit/605.1.15 (KHTML, like Gecko) Version/13.0.3 Mobile/15E148 Safari/604.1" "Traffic IN:894 OUT:8608" "ReqTime:0 sec"
172.86.115.27 - - [12/May/2025:09:51:55 +0200] "GET / HTTP/2.0" 200 35324 "https://diamond-ug.de" "Go-http-client/2.0" "Traffic IN:59 OUT:35478" "ReqTime:0 sec"
5.161.254.200 - - [12/May/2025:09:52:09 +0200] "GET /p/vi-editor-unter-linux/ HTTP/1.1" 200 9083 "-" "Mozilla/5.0 (Windows NT 10.0; Win64; x64) AppleWebKit/537.36 (KHTML, like Gecko) Chrome/84.0.4147.105 Safari/537.36" "Traffic IN:981 OUT:12843" "ReqTime:0 sec"
62.138.2.14 - - [12/May/2025:09:54:02 +0200] "GET /categories/cinnamon/ HTTP/1.1" 200 4170 "-" "Mozilla/5.0 (X11; Linux x86_64) AppleWebKit/537.36 (KHTML, like Gecko) Chrome/124.0.0.0 Safari/537.36" "Traffic IN:902 OUT:7857" "ReqTime:0 sec"
62.138.3.52 - - [12/May/2025:09:54:13 +0200] "GET /robots.txt HTTP/1.1" 200 13 "-" "Mozilla/5.0 (X11; Linux x86_64) AppleWebKit/537.36 (KHTML, like Gecko) Chrome/124.0.0.0 Safari/537.36" "Traffic IN:884 OUT:3667" "ReqTime:0 sec"
62.138.3.52 - - [12/May/2025:09:54:13 +0200] "GET /p/echo-befehl-unter-linux/ HTTP/1.1" 200 7391 "-" "Mozilla/5.0 (X11; Linux x86_64) AppleWebKit/537.36 (KHTML, like Gecko) Chrome/124.0.0.0 Safari/537.36" "Traffic IN:900 OUT:8043" "ReqTime:0 sec"
54.36.149.37 - - [12/May/2025:09:55:13 +0200] "GET /categories/uname/ HTTP/2.0" 200 3828 "-" "Mozilla/5.0 (compatible; AhrefsBot/7.0; +http://ahrefs.com/robot/)" "Traffic IN:158 OUT:3969" "ReqTime:0 sec"
62.138.2.14 - - [12/May/2025:09:55:48 +0200] "GET /p/cp-befehl-unter-linux/ HTTP/1.1" 200 6233 "-" "Mozilla/5.0 (X11; Linux x86_64) AppleWebKit/537.36 (KHTML, like Gecko) Chrome/124.0.0.0 Safari/537.36" "Traffic IN:906 OUT:6885" "ReqTime:0 sec"
62.138.3.52 - - [12/May/2025:09:56:28 +0200] "GET /tags/kurs/page/5/ HTTP/1.1" 200 4326 "-" "Mozilla/5.0 (X11; Linux x86_64) AppleWebKit/537.36 (KHTML, like Gecko) Chrome/124.0.0.0 Safari/537.36" "Traffic IN:891 OUT:4978" "ReqTime:0 sec"
185.111.34.42 - - [12/May/2025:09:57:20 +0200] "GET /p/tar-befehl-unter-linux/ HTTP/2.0" 200 6636 "https://www.bing.com/" "Mozilla/5.0 (Windows NT 10.0; Win64; x64) AppleWebKit/537.36 (KHTML, like Gecko) Chrome/136.0.0.0 Safari/537.36 Edg/136.0.0.0" "Traffic IN:530 OUT:6780" "ReqTime:0 sec"
185.111.34.42 - - [12/May/2025:09:57:20 +0200] "GET /scss/style.min.663803bebe609202d5b39d848f2d7c2dc8b598a2d879efa079fa88893d29c49c.css HTTP/2.0" 200 7173 "https://linux-trainings.de/p/tar-befehl-unter-linux/" "Mozilla/5.0 (Windows NT 10.0; Win64; x64) AppleWebKit/537.36 (KHTML, like Gecko) Chrome/136.0.0.0 Safari/537.36 Edg/136.0.0.0" "Traffic IN:173 OUT:7233" "ReqTime:0 sec"
185.111.34.42 - - [12/May/2025:09:57:20 +0200] "GET /ts/main.1e9a3bafd846ced4c345d084b355fb8c7bae75701c338f8a1f8a82c780137826.js HTTP/2.0" 200 3193 "https://linux-trainings.de/p/tar-befehl-unter-linux/" "Mozilla/5.0 (Windows NT 10.0; Win64; x64) AppleWebKit/537.36 (KHTML, like Gecko) Chrome/136.0.0.0 Safari/537.36 Edg/136.0.0.0" "Traffic IN:94 OUT:3263" "ReqTime:0 sec"
185.111.34.42 - - [12/May/2025:09:57:20 +0200] "GET /img/linux_trainings_hu13156771285612485734.png HTTP/2.0" 200 5986 "https://linux-trainings.de/p/tar-befehl-unter-linux/" "Mozilla/5.0 (Windows NT 10.0; Win64; x64) AppleWebKit/537.36 (KHTML, like Gecko) Chrome/136.0.0.0 Safari/537.36 Edg/136.0.0.0" "Traffic IN:124 OUT:6043" "ReqTime:0 sec"
185.111.34.42 - - [12/May/2025:09:57:20 +0200] "GET /favicon.ico HTTP/2.0" 200 2869 "https://linux-trainings.de/p/tar-befehl-unter-linux/" "Mozilla/5.0 (Windows NT 10.0; Win64; x64) AppleWebKit/537.36 (KHTML, like Gecko) Chrome/136.0.0.0 Safari/537.36 Edg/136.0.0.0" "Traffic IN:46 OUT:2954" "ReqTime:0 sec"
43.153.107.22 - - [12/May/2025:10:01:20 +0200] "GET /categories/tail/index.xml HTTP/1.1" 200 3511 "-" "Mozilla/5.0 (iPhone; CPU iPhone OS 13_2_3 like Mac OS X) AppleWebKit/605.1.15 (KHTML, like Gecko) Version/13.0.3 Mobile/15E148 Safari/604.1" "Traffic IN:912 OUT:7205" "ReqTime:0 sec"
62.138.3.52 - - [12/May/2025:10:05:09 +0200] "GET /robots.txt HTTP/1.1" 200 13 "-" "Mozilla/5.0 (X11; Linux x86_64) AppleWebKit/537.36 (KHTML, like Gecko) Chrome/124.0.0.0 Safari/537.36" "Traffic IN:884 OUT:3667" "ReqTime:0 sec"
62.138.3.52 - - [12/May/2025:10:05:09 +0200] "GET /p/clear-befehl-unter-linux/ HTTP/1.1" 200 6297 "-" "Mozilla/5.0 (X11; Linux x86_64) AppleWebKit/537.36 (KHTML, like Gecko) Chrome/124.0.0.0 Safari/537.36" "Traffic IN:901 OUT:6949" "ReqTime:0 sec"
62.138.3.52 - - [12/May/2025:10:07:19 +0200] "GET /tags/kurs/page/2/ HTTP/1.1" 200 4409 "-" "Mozilla/5.0 (X11; Linux x86_64) AppleWebKit/537.36 (KHTML, like Gecko) Chrome/124.0.0.0 Safari/537.36" "Traffic IN:891 OUT:5061" "ReqTime:0 sec"
66.249.81.196 - - [12/May/2025:10:08:43 +0200] "GET /.well-known/traffic-advice HTTP/1.1" 404 15446 "-" "Chrome Privacy Preserving Prefetch Proxy" "Traffic IN:823 OUT:19170" "ReqTime:0 sec"
162.120.187.65 - - [12/May/2025:10:08:43 +0200] "GET /p/less-und-more-befehl-unter-linux/ HTTP/2.0" 200 6522 "https://www.google.com/" "Mozilla/5.0 (Windows NT 10.0; Win64; x64) AppleWebKit/537.36 (KHTML, like Gecko) Chrome/133.0.0.0 Safari/537.36" "Traffic IN:552 OUT:6666" "ReqTime:0 sec"
62.138.2.14 - - [12/May/2025:10:09:04 +0200] "GET /robots.txt HTTP/1.1" 200 13 "-" "Mozilla/5.0 (X11; Linux x86_64) AppleWebKit/537.36 (KHTML, like Gecko) Chrome/124.0.0.0 Safari/537.36" "Traffic IN:892 OUT:3667" "ReqTime:0 sec"
62.138.2.14 - - [12/May/2025:10:09:04 +0200] "GET /p/clear-befehl-unter-linux/ HTTP/1.1" 200 6297 "-" "Mozilla/5.0 (X11; Linux x86_64) AppleWebKit/537.36 (KHTML, like Gecko) Chrome/124.0.0.0 Safari/537.36" "Traffic IN:909 OUT:6949" "ReqTime:0 sec"
62.138.2.14 - - [12/May/2025:10:10:14 +0200] "GET /p/cp-befehl-unter-linux/ HTTP/1.1" 200 6233 "-" "Mozilla/5.0 (X11; Linux x86_64) AppleWebKit/537.36 (KHTML, like Gecko) Chrome/124.0.0.0 Safari/537.36" "Traffic IN:906 OUT:6885" "ReqTime:0 sec"
62.138.2.14 - - [12/May/2025:10:11:21 +0200] "GET /p/cd-befehl-unter-linux/ HTTP/1.1" 200 7144 "-" "Mozilla/5.0 (X11; Linux x86_64) AppleWebKit/537.36 (KHTML, like Gecko) Chrome/124.0.0.0 Safari/537.36" "Traffic IN:906 OUT:7796" "ReqTime:0 sec"
43.157.38.228 - - [12/May/2025:10:12:33 +0200] "GET /categories/regex/index.xml HTTP/1.1" 200 4608 "-" "Mozilla/5.0 (iPhone; CPU iPhone OS 13_2_3 like Mac OS X) AppleWebKit/605.1.15 (KHTML, like Gecko) Version/13.0.3 Mobile/15E148 Safari/604.1" "Traffic IN:913 OUT:8302" "ReqTime:0 sec"
62.138.3.52 - - [12/May/2025:10:16:28 +0200] "GET /robots.txt HTTP/1.1" 200 13 "-" "Mozilla/5.0 (X11; Linux x86_64) AppleWebKit/537.36 (KHTML, like Gecko) Chrome/124.0.0.0 Safari/537.36" "Traffic IN:884 OUT:3667" "ReqTime:0 sec"
62.138.3.52 - - [12/May/2025:10:16:28 +0200] "GET /p/clear-befehl-unter-linux/ HTTP/1.1" 200 6297 "-" "Mozilla/5.0 (X11; Linux x86_64) AppleWebKit/537.36 (KHTML, like Gecko) Chrome/124.0.0.0 Safari/537.36" "Traffic IN:901 OUT:6949" "ReqTime:0 sec"
62.138.3.52 - - [12/May/2025:10:18:35 +0200] "GET /tags/debian/page/3/ HTTP/1.1" 200 4394 "-" "Mozilla/5.0 (X11; Linux x86_64) AppleWebKit/537.36 (KHTML, like Gecko) Chrome/124.0.0.0 Safari/537.36" "Traffic IN:893 OUT:5046" "ReqTime:0 sec"
43.135.182.95 - - [12/May/2025:10:20:38 +0200] "GET /categories/mkdir/ HTTP/1.1" 200 4155 "-" "Mozilla/5.0 (iPhone; CPU iPhone OS 13_2_3 like Mac OS X) AppleWebKit/605.1.15 (KHTML, like Gecko) Version/13.0.3 Mobile/15E148 Safari/604.1" "Traffic IN:904 OUT:7843" "ReqTime:0 sec"
62.138.3.52 - - [12/May/2025:10:22:30 +0200] "GET /tags/kurs/page/2/ HTTP/1.1" 200 4409 "-" "Mozilla/5.0 (X11; Linux x86_64) AppleWebKit/537.36 (KHTML, like Gecko) Chrome/124.0.0.0 Safari/537.36" "Traffic IN:891 OUT:5061" "ReqTime:0 sec"
62.138.3.52 - - [12/May/2025:10:23:56 +0200] "GET /categories/primary-key/ HTTP/1.1" 200 4255 "-" "Mozilla/5.0 (X11; Linux x86_64) AppleWebKit/537.36 (KHTML, like Gecko) Chrome/124.0.0.0 Safari/537.36" "Traffic IN:897 OUT:4907" "ReqTime:0 sec"
62.138.2.14 - - [12/May/2025:10:24:27 +0200] "GET /robots.txt HTTP/1.1" 200 13 "-" "Mozilla/5.0 (X11; Linux x86_64) AppleWebKit/537.36 (KHTML, like Gecko) Chrome/124.0.0.0 Safari/537.36" "Traffic IN:892 OUT:3667" "ReqTime:0 sec"
62.138.2.14 - - [12/May/2025:10:24:27 +0200] "GET /p/clear-befehl-unter-linux/ HTTP/1.1" 200 6297 "-" "Mozilla/5.0 (X11; Linux x86_64) AppleWebKit/537.36 (KHTML, like Gecko) Chrome/124.0.0.0 Safari/537.36" "Traffic IN:909 OUT:6949" "ReqTime:0 sec"
77.184.221.44 - - [12/May/2025:10:26:13 +0200] "GET /p/clear-befehl-unter-linux/ HTTP/2.0" 200 5932 "-" "Mozilla/5.0 (Macintosh; Intel Mac OS X 10_15_7) AppleWebKit/605.1.15 (KHTML, like Gecko) Version/18.4 Safari/605.1.15" "Traffic IN:276 OUT:6073" "ReqTime:0 sec"
77.184.221.44 - - [12/May/2025:10:26:13 +0200] "GET /scss/style.min.663803bebe609202d5b39d848f2d7c2dc8b598a2d879efa079fa88893d29c49c.css HTTP/2.0" 200 7173 "https://linux-trainings.de/p/clear-befehl-unter-linux/" "Mozilla/5.0 (Macintosh; Intel Mac OS X 10_15_7) AppleWebKit/605.1.15 (KHTML, like Gecko) Version/18.4 Safari/605.1.15" "Traffic IN:165 OUT:7233" "ReqTime:0 sec"
77.184.221.44 - - [12/May/2025:10:26:13 +0200] "GET /ts/main.1e9a3bafd846ced4c345d084b355fb8c7bae75701c338f8a1f8a82c780137826.js HTTP/2.0" 200 3193 "https://linux-trainings.de/p/clear-befehl-unter-linux/" "Mozilla/5.0 (Macintosh; Intel Mac OS X 10_15_7) AppleWebKit/605.1.15 (KHTML, like Gecko) Version/18.4 Safari/605.1.15" "Traffic IN:91 OUT:3263" "ReqTime:0 sec"
77.184.221.44 - - [12/May/2025:10:26:13 +0200] "GET /img/linux_trainings_hu13156771285612485734.png HTTP/2.0" 200 5986 "https://linux-trainings.de/p/clear-befehl-unter-linux/" "Mozilla/5.0 (Macintosh; Intel Mac OS X 10_15_7) AppleWebKit/605.1.15 (KHTML, like Gecko) Version/18.4 Safari/605.1.15" "Traffic IN:157 OUT:6043" "ReqTime:0 sec"
77.184.221.44 - - [12/May/2025:10:26:13 +0200] "GET /favicon.ico HTTP/2.0" 200 2869 "https://linux-trainings.de/p/clear-befehl-unter-linux/" "Mozilla/5.0 (Macintosh; Intel Mac OS X 10_15_7) AppleWebKit/605.1.15 (KHTML, like Gecko) Version/18.4 Safari/605.1.15" "Traffic IN:31 OUT:2954" "ReqTime:0 sec"
62.138.3.52 - - [12/May/2025:10:26:20 +0200] "GET /robots.txt HTTP/1.1" 200 13 "-" "Mozilla/5.0 (X11; Linux x86_64) AppleWebKit/537.36 (KHTML, like Gecko) Chrome/124.0.0.0 Safari/537.36" "Traffic IN:827 OUT:3699" "ReqTime:0 sec"
62.138.3.52 - - [12/May/2025:10:26:20 +0200] "GET /categories/screenfetch/ HTTP/1.1" 200 4170 "-" "Mozilla/5.0 (X11; Linux x86_64) AppleWebKit/537.36 (KHTML, like Gecko) Chrome/124.0.0.0 Safari/537.36" "Traffic IN:897 OUT:4822" "ReqTime:0 sec"
62.138.3.52 - - [12/May/2025:10:28:43 +0200] "GET /lpi-lpic-2-komplettausbildung-201-und-202-engineer/ HTTP/1.1" 200 6603 "-" "Mozilla/5.0 (X11; Linux x86_64) AppleWebKit/537.36 (KHTML, like Gecko) Chrome/124.0.0.0 Safari/537.36" "Traffic IN:925 OUT:7255" "ReqTime:0 sec"
43.166.237.57 - - [12/May/2025:10:29:49 +0200] "GET /p/byobu-der-praktische-terminal-multiplexer/ HTTP/1.1" 200 6747 "-" "Mozilla/5.0 (iPhone; CPU iPhone OS 13_2_3 like Mac OS X) AppleWebKit/605.1.15 (KHTML, like Gecko) Version/13.0.3 Mobile/15E148 Safari/604.1" "Traffic IN:931 OUT:10435" "ReqTime:0 sec"
62.138.2.14 - - [12/May/2025:10:30:14 +0200] "GET /robots.txt HTTP/1.1" 200 13 "-" "Mozilla/5.0 (X11; Linux x86_64) AppleWebKit/537.36 (KHTML, like Gecko) Chrome/124.0.0.0 Safari/537.36" "Traffic IN:835 OUT:3699" "ReqTime:0 sec"
62.138.2.14 - - [12/May/2025:10:30:14 +0200] "GET /lpi-linux-web-development-essentials/ HTTP/1.1" 200 5800 "-" "Mozilla/5.0 (X11; Linux x86_64) AppleWebKit/537.36 (KHTML, like Gecko) Chrome/124.0.0.0 Safari/537.36" "Traffic IN:919 OUT:6452" "ReqTime:0 sec"
62.138.3.52 - - [12/May/2025:10:33:55 +0200] "GET /categories/less/ HTTP/1.1" 200 4161 "-" "Mozilla/5.0 (X11; Linux x86_64) AppleWebKit/537.36 (KHTML, like Gecko) Chrome/124.0.0.0 Safari/537.36" "Traffic IN:890 OUT:7848" "ReqTime:0 sec"
62.138.2.14 - - [12/May/2025:10:33:57 +0200] "GET /categories/link/ HTTP/1.1" 200 4147 "-" "Mozilla/5.0 (X11; Linux x86_64) AppleWebKit/537.36 (KHTML, like Gecko) Chrome/124.0.0.0 Safari/537.36" "Traffic IN:898 OUT:4799" "ReqTime:0 sec"
62.138.3.52 - - [12/May/2025:10:36:00 +0200] "GET /lpi-lpic-1-komplettausbildung-101-und-102-administrator/ HTTP/1.1" 200 6753 "-" "Mozilla/5.0 (X11; Linux x86_64) AppleWebKit/537.36 (KHTML, like Gecko) Chrome/124.0.0.0 Safari/537.36" "Traffic IN:930 OUT:7405" "ReqTime:0 sec"
47.128.123.47 - - [12/May/2025:10:38:14 +0200] "GET /datenbankentwicklung-mit-postgresql-grundlagen/ HTTP/2.0" 200 5458 "-" "Mozilla/5.0 (compatible; Bytespider; spider-feedback@bytedance.com) AppleWebKit/537.36 (KHTML, like Gecko) Chrome/70.0.0.0 Safari/537.36" "Traffic IN:406 OUT:5602" "ReqTime:0 sec"
54.36.149.70 - - [12/May/2025:10:38:45 +0200] "GET /archiv/ HTTP/2.0" 200 4445 "-" "Mozilla/5.0 (compatible; AhrefsBot/7.0; +http://ahrefs.com/robot/)" "Traffic IN:151 OUT:4586" "ReqTime:0 sec"
62.138.2.14 - - [12/May/2025:10:40:12 +0200] "GET /red-hat-linux-grundlagen-der-administration/ HTTP/1.1" 200 5501 "-" "Mozilla/5.0 (X11; Linux x86_64) AppleWebKit/537.36 (KHTML, like Gecko) Chrome/124.0.0.0 Safari/537.36" "Traffic IN:926 OUT:9188" "ReqTime:0 sec"
62.138.3.52 - - [12/May/2025:10:40:43 +0200] "GET /categories/mkdir/ HTTP/1.1" 200 4155 "-" "Mozilla/5.0 (X11; Linux x86_64) AppleWebKit/537.36 (KHTML, like Gecko) Chrome/124.0.0.0 Safari/537.36" "Traffic IN:891 OUT:7842" "ReqTime:0 sec"
62.138.2.14 - - [12/May/2025:10:41:38 +0200] "GET /categories/less/ HTTP/1.1" 200 4161 "-" "Mozilla/5.0 (X11; Linux x86_64) AppleWebKit/537.36 (KHTML, like Gecko) Chrome/124.0.0.0 Safari/537.36" "Traffic IN:898 OUT:4813" "ReqTime:0 sec"
47.128.50.165 - - [12/May/2025:10:42:14 +0200] "GET /page/courses/page/2/ HTTP/2.0" 200 4065 "-" "Mozilla/5.0 (compatible; Bytespider; spider-feedback@bytedance.com) AppleWebKit/537.36 (KHTML, like Gecko) Chrome/70.0.0.0 Safari/537.36" "Traffic IN:386 OUT:4209" "ReqTime:0 sec"
43.166.136.24 - - [12/May/2025:10:42:32 +0200] "GET /p/mv-befehl-unter-linux/ HTTP/1.1" 200 6241 "-" "Mozilla/5.0 (iPhone; CPU iPhone OS 13_2_3 like Mac OS X) AppleWebKit/605.1.15 (KHTML, like Gecko) Version/13.0.3 Mobile/15E148 Safari/604.1" "Traffic IN:911 OUT:9929" "ReqTime:0 sec"
62.138.3.52 - - [12/May/2025:10:44:10 +0200] "GET /categories/view/ HTTP/1.1" 200 4247 "-" "Mozilla/5.0 (X11; Linux x86_64) AppleWebKit/537.36 (KHTML, like Gecko) Chrome/124.0.0.0 Safari/537.36" "Traffic IN:890 OUT:4899" "ReqTime:0 sec"
62.138.2.14 - - [12/May/2025:10:49:34 +0200] "GET /red-hat-linux-grundlagen-der-administration/ HTTP/1.1" 200 5501 "-" "Mozilla/5.0 (X11; Linux x86_64) AppleWebKit/537.36 (KHTML, like Gecko) Chrome/124.0.0.0 Safari/537.36" "Traffic IN:926 OUT:9188" "ReqTime:0 sec"
62.138.3.52 - - [12/May/2025:10:50:17 +0200] "GET /categories/tabelle/ HTTP/1.1" 200 4249 "-" "Mozilla/5.0 (X11; Linux x86_64) AppleWebKit/537.36 (KHTML, like Gecko) Chrome/124.0.0.0 Safari/537.36" "Traffic IN:893 OUT:7936" "ReqTime:0 sec"
170.106.192.208 - - [12/May/2025:10:52:42 +0200] "GET /p/mkdir-befehl-unter-linux/ HTTP/1.1" 200 6560 "-" "Mozilla/5.0 (iPhone; CPU iPhone OS 13_2_3 like Mac OS X) AppleWebKit/605.1.15 (KHTML, like Gecko) Version/13.0.3 Mobile/15E148 Safari/604.1" "Traffic IN:914 OUT:10248" "ReqTime:0 sec"
62.138.2.14 - - [12/May/2025:10:52:59 +0200] "GET /tags/redhat/page/3/ HTTP/1.1" 200 4395 "-" "Mozilla/5.0 (X11; Linux x86_64) AppleWebKit/537.36 (KHTML, like Gecko) Chrome/124.0.0.0 Safari/537.36" "Traffic IN:901 OUT:5047" "ReqTime:0 sec"
62.138.3.52 - - [12/May/2025:10:53:46 +0200] "GET /categories/view/ HTTP/1.1" 200 4247 "-" "Mozilla/5.0 (X11; Linux x86_64) AppleWebKit/537.36 (KHTML, like Gecko) Chrome/124.0.0.0 Safari/537.36" "Traffic IN:890 OUT:4899" "ReqTime:0 sec"
46.246.8.120 - - [12/May/2025:10:53:57 +0200] "GET / HTTP/1.0" 200 35324 "https://linux-trainings.de/" "Mozilla/5.0 (Windows NT 10.0; Win64; x64) AppleWebKit/537.36 (KHTML, like Gecko) Chrome/131.0.0.0 Safari/537.36 Avast/131.0.0.0" "Traffic IN:815 OUT:38914" "ReqTime:0 sec"
62.138.3.52 - - [12/May/2025:10:55:22 +0200] "GET /categories/null/ HTTP/1.1" 200 4247 "-" "Mozilla/5.0 (X11; Linux x86_64) AppleWebKit/537.36 (KHTML, like Gecko) Chrome/124.0.0.0 Safari/537.36" "Traffic IN:890 OUT:4899" "ReqTime:0 sec"
62.138.2.14 - - [12/May/2025:10:57:22 +0200] "GET /categories/history/ HTTP/1.1" 200 4155 "-" "Mozilla/5.0 (X11; Linux x86_64) AppleWebKit/537.36 (KHTML, like Gecko) Chrome/124.0.0.0 Safari/537.36" "Traffic IN:901 OUT:4807" "ReqTime:0 sec"
62.138.3.52 - - [12/May/2025:10:57:30 +0200] "GET /categories/tabelle/ HTTP/1.1" 200 4249 "-" "Mozilla/5.0 (X11; Linux x86_64) AppleWebKit/537.36 (KHTML, like Gecko) Chrome/124.0.0.0 Safari/537.36" "Traffic IN:893 OUT:4901" "ReqTime:0 sec"
43.166.226.186 - - [12/May/2025:11:01:29 +0200] "GET /categories/tail/index.xml HTTP/1.1" 200 3511 "-" "Mozilla/5.0 (iPhone; CPU iPhone OS 13_2_3 like Mac OS X) AppleWebKit/605.1.15 (KHTML, like Gecko) Version/13.0.3 Mobile/15E148 Safari/604.1" "Traffic IN:912 OUT:7205" "ReqTime:0 sec"
62.138.3.52 - - [12/May/2025:11:04:45 +0200] "GET /categories/cat/ HTTP/1.1" 200 4147 "-" "Mozilla/5.0 (X11; Linux x86_64) AppleWebKit/537.36 (KHTML, like Gecko) Chrome/124.0.0.0 Safari/537.36" "Traffic IN:889 OUT:7834" "ReqTime:0 sec"
62.138.2.14 - - [12/May/2025:11:04:46 +0200] "GET /tags/redhat/page/3/ HTTP/1.1" 200 4395 "-" "Mozilla/5.0 (X11; Linux x86_64) AppleWebKit/537.36 (KHTML, like Gecko) Chrome/124.0.0.0 Safari/537.36" "Traffic IN:901 OUT:8082" "ReqTime:0 sec"
62.138.3.52 - - [12/May/2025:11:07:46 +0200] "GET /categories/null/ HTTP/1.1" 200 4247 "-" "Mozilla/5.0 (X11; Linux x86_64) AppleWebKit/537.36 (KHTML, like Gecko) Chrome/124.0.0.0 Safari/537.36" "Traffic IN:890 OUT:4899" "ReqTime:0 sec"
43.166.129.247 - - [12/May/2025:11:11:18 +0200] "GET /categories/regex/index.xml HTTP/1.1" 200 4608 "-" "Mozilla/5.0 (iPhone; CPU iPhone OS 13_2_3 like Mac OS X) AppleWebKit/605.1.15 (KHTML, like Gecko) Version/13.0.3 Mobile/15E148 Safari/604.1" "Traffic IN:913 OUT:8302" "ReqTime:0 sec"
62.138.3.52 - - [12/May/2025:11:12:34 +0200] "GET /robots.txt HTTP/1.1" 200 13 "-" "Mozilla/5.0 (X11; Linux x86_64) AppleWebKit/537.36 (KHTML, like Gecko) Chrome/124.0.0.0 Safari/537.36" "Traffic IN:827 OUT:3699" "ReqTime:0 sec"
62.138.3.52 - - [12/May/2025:11:12:34 +0200] "GET /p/systeminformationen-mit-neofetch-anzeigen/ HTTP/1.1" 200 4398 "-" "Mozilla/5.0 (X11; Linux x86_64) AppleWebKit/537.36 (KHTML, like Gecko) Chrome/124.0.0.0 Safari/537.36" "Traffic IN:918 OUT:5050" "ReqTime:0 sec"
62.138.2.14 - - [12/May/2025:11:16:42 +0200] "GET /robots.txt HTTP/1.1" 200 13 "-" "Mozilla/5.0 (X11; Linux x86_64) AppleWebKit/537.36 (KHTML, like Gecko) Chrome/124.0.0.0 Safari/537.36" "Traffic IN:835 OUT:3699" "ReqTime:0 sec"
62.138.2.14 - - [12/May/2025:11:16:42 +0200] "GET /kontakt HTTP/1.1" 301 247 "-" "Mozilla/5.0 (X11; Linux x86_64) AppleWebKit/537.36 (KHTML, like Gecko) Chrome/124.0.0.0 Safari/537.36" "Traffic IN:889 OUT:799" "ReqTime:0 sec"
62.138.2.14 - - [12/May/2025:11:16:59 +0200] "GET /categories/nano/ HTTP/1.1" 200 4150 "-" "Mozilla/5.0 (X11; Linux x86_64) AppleWebKit/537.36 (KHTML, like Gecko) Chrome/124.0.0.0 Safari/537.36" "Traffic IN:898 OUT:4802" "ReqTime:0 sec"
62.138.3.52 - - [12/May/2025:11:17:23 +0200] "GET /page/courses/page/5/ HTTP/1.1" 200 4314 "-" "Mozilla/5.0 (X11; Linux x86_64) AppleWebKit/537.36 (KHTML, like Gecko) Chrome/124.0.0.0 Safari/537.36" "Traffic IN:894 OUT:8001" "ReqTime:0 sec"
62.138.3.52 - - [12/May/2025:11:19:25 +0200] "GET /categories/tmux/ HTTP/1.1" 200 4178 "-" "Mozilla/5.0 (X11; Linux x86_64) AppleWebKit/537.36 (KHTML, like Gecko) Chrome/124.0.0.0 Safari/537.36" "Traffic IN:890 OUT:4830" "ReqTime:0 sec"
62.138.2.14 - - [12/May/2025:11:24:32 +0200] "GET /robots.txt HTTP/1.1" 200 13 "-" "Mozilla/5.0 (X11; Linux x86_64) AppleWebKit/537.36 (KHTML, like Gecko) Chrome/124.0.0.0 Safari/537.36" "Traffic IN:892 OUT:3667" "ReqTime:0 sec"
62.138.2.14 - - [12/May/2025:11:24:32 +0200] "GET /tags/ubuntu/page/5/ HTTP/1.1" 200 4327 "-" "Mozilla/5.0 (X11; Linux x86_64) AppleWebKit/537.36 (KHTML, like Gecko) Chrome/124.0.0.0 Safari/537.36" "Traffic IN:901 OUT:4979" "ReqTime:0 sec"
62.138.2.14 - - [12/May/2025:11:25:49 +0200] "GET /categories/tabelle/ HTTP/1.1" 200 4249 "-" "Mozilla/5.0 (X11; Linux x86_64) AppleWebKit/537.36 (KHTML, like Gecko) Chrome/124.0.0.0 Safari/537.36" "Traffic IN:901 OUT:4901" "ReqTime:0 sec"
62.138.3.52 - - [12/May/2025:11:25:51 +0200] "GET /lpi-lpic-2-201-linux-engineer/ HTTP/1.1" 200 5999 "-" "Mozilla/5.0 (X11; Linux x86_64) AppleWebKit/537.36 (KHTML, like Gecko) Chrome/124.0.0.0 Safari/537.36" "Traffic IN:904 OUT:9686" "ReqTime:0 sec"
172.213.21.146 - - [12/May/2025:11:27:34 +0200] "GET /p/tar-befehl-unter-linux/ HTTP/2.0" 200 6636 "-" "Mozilla/5.0 AppleWebKit/537.36 (KHTML, like Gecko); compatible; ChatGPT-User/1.0; +https://openai.com/bot" "Traffic IN:687 OUT:6780" "ReqTime:0 sec"
172.213.21.148 - - [12/May/2025:11:27:34 +0200] "GET / HTTP/2.0" 200 4509 "-" "Mozilla/5.0 AppleWebKit/537.36 (KHTML, like Gecko); compatible; ChatGPT-User/1.0; +https://openai.com/bot" "Traffic IN:641 OUT:4653" "ReqTime:0 sec"
62.138.3.52 - - [12/May/2025:11:27:56 +0200] "GET /categories/tmux/ HTTP/1.1" 200 4178 "-" "Mozilla/5.0 (X11; Linux x86_64) AppleWebKit/537.36 (KHTML, like Gecko) Chrome/124.0.0.0 Safari/537.36" "Traffic IN:890 OUT:4830" "ReqTime:0 sec"
62.138.3.52 - - [12/May/2025:11:28:16 +0200] "GET /categories/apparmor/ HTTP/1.1" 200 4170 "-" "Mozilla/5.0 (X11; Linux x86_64) AppleWebKit/537.36 (KHTML, like Gecko) Chrome/124.0.0.0 Safari/537.36" "Traffic IN:894 OUT:4822" "ReqTime:0 sec"
62.138.2.14 - - [12/May/2025:11:34:19 +0200] "GET /tags/ubuntu/page/5/ HTTP/1.1" 200 4327 "-" "Mozilla/5.0 (X11; Linux x86_64) AppleWebKit/537.36 (KHTML, like Gecko) Chrome/124.0.0.0 Safari/537.36" "Traffic IN:901 OUT:8014" "ReqTime:0 sec"
194.246.147.7 - - [12/May/2025:11:36:08 +0200] "GET /p/rm-befehl-unter-linux/ HTTP/2.0" 200 6337 "https://www.google.com/" "Mozilla/5.0 (Windows NT 10.0; Win64; x64) AppleWebKit/537.36 (KHTML, like Gecko) Chrome/136.0.0.0 Safari/537.36" "Traffic IN:526 OUT:6481" "ReqTime:0 sec"
194.246.147.7 - - [12/May/2025:11:36:09 +0200] "GET /scss/style.min.663803bebe609202d5b39d848f2d7c2dc8b598a2d879efa079fa88893d29c49c.css HTTP/2.0" 200 7173 "https://linux-trainings.de/p/rm-befehl-unter-linux/" "Mozilla/5.0 (Windows NT 10.0; Win64; x64) AppleWebKit/537.36 (KHTML, like Gecko) Chrome/136.0.0.0 Safari/537.36" "Traffic IN:172 OUT:7256" "ReqTime:0 sec"
194.246.147.7 - - [12/May/2025:11:36:09 +0200] "GET /ts/main.1e9a3bafd846ced4c345d084b355fb8c7bae75701c338f8a1f8a82c780137826.js HTTP/2.0" 200 3193 "https://linux-trainings.de/p/rm-befehl-unter-linux/" "Mozilla/5.0 (Windows NT 10.0; Win64; x64) AppleWebKit/537.36 (KHTML, like Gecko) Chrome/136.0.0.0 Safari/537.36" "Traffic IN:94 OUT:3263" "ReqTime:0 sec"
194.246.147.7 - - [12/May/2025:11:36:09 +0200] "GET /img/linux_trainings_hu13156771285612485734.png HTTP/2.0" 200 5986 "https://linux-trainings.de/p/rm-befehl-unter-linux/" "Mozilla/5.0 (Windows NT 10.0; Win64; x64) AppleWebKit/537.36 (KHTML, like Gecko) Chrome/136.0.0.0 Safari/537.36" "Traffic IN:128 OUT:6043" "ReqTime:0 sec"
194.246.147.7 - - [12/May/2025:11:36:09 +0200] "GET /favicon.ico HTTP/2.0" 200 2869 "https://linux-trainings.de/p/rm-befehl-unter-linux/" "Mozilla/5.0 (Windows NT 10.0; Win64; x64) AppleWebKit/537.36 (KHTML, like Gecko) Chrome/136.0.0.0 Safari/537.36" "Traffic IN:40 OUT:2954" "ReqTime:0 sec"
62.138.2.14 - - [12/May/2025:11:36:34 +0200] "GET /lpi-lpic-1-komplettausbildung-101-und-102-administrator/ HTTP/1.1" 200 6753 "-" "Mozilla/5.0 (X11; Linux x86_64) AppleWebKit/537.36 (KHTML, like Gecko) Chrome/124.0.0.0 Safari/537.36" "Traffic IN:938 OUT:7405" "ReqTime:0 sec"
62.138.2.14 - - [12/May/2025:11:38:02 +0200] "GET /p/ls-befehl-unter-linux/ HTTP/1.1" 200 7444 "-" "Mozilla/5.0 (X11; Linux x86_64) AppleWebKit/537.36 (KHTML, like Gecko) Chrome/124.0.0.0 Safari/537.36" "Traffic IN:906 OUT:8096" "ReqTime:0 sec"
62.138.3.52 - - [12/May/2025:11:38:21 +0200] "GET /robots.txt HTTP/1.1" 200 13 "-" "Mozilla/5.0 (X11; Linux x86_64) AppleWebKit/537.36 (KHTML, like Gecko) Chrome/124.0.0.0 Safari/537.36" "Traffic IN:884 OUT:3667" "ReqTime:0 sec"
62.138.3.52 - - [12/May/2025:11:38:21 +0200] "GET /tags/administration/page/4/ HTTP/1.1" 200 4440 "-" "Mozilla/5.0 (X11; Linux x86_64) AppleWebKit/537.36 (KHTML, like Gecko) Chrome/124.0.0.0 Safari/537.36" "Traffic IN:901 OUT:5092" "ReqTime:0 sec"
62.138.3.52 - - [12/May/2025:11:40:03 +0200] "GET /categories/apparmor/ HTTP/1.1" 200 4170 "-" "Mozilla/5.0 (X11; Linux x86_64) AppleWebKit/537.36 (KHTML, like Gecko) Chrome/124.0.0.0 Safari/537.36" "Traffic IN:894 OUT:4822" "ReqTime:0 sec"
62.138.3.52 - - [12/May/2025:11:42:24 +0200] "GET /categories/byobu/ HTTP/1.1" 200 4175 "-" "Mozilla/5.0 (X11; Linux x86_64) AppleWebKit/537.36 (KHTML, like Gecko) Chrome/124.0.0.0 Safari/537.36" "Traffic IN:891 OUT:4827" "ReqTime:0 sec"
47.128.40.55 - - [12/May/2025:11:43:14 +0200] "GET /datenbankentwicklung-mit-postgresql-kompaktkurs/ HTTP/2.0" 200 5316 "-" "Mozilla/5.0 (compatible; Bytespider; spider-feedback@bytedance.com) AppleWebKit/537.36 (KHTML, like Gecko) Chrome/70.0.0.0 Safari/537.36" "Traffic IN:407 OUT:5460" "ReqTime:0 sec"
179.42.207.44 - - [12/May/2025:11:44:39 +0200] "GET /p/pwd-befehl-unter-linux/ HTTP/1.1" 200 5702 "-" "Mozilla/5.0 (Windows; U; Windows NT 10.0) AppleWebKit/535.30.4 (KHTML, like Gecko) Version/5.0 Safari/535.30.4" "Traffic IN:966 OUT:9440" "ReqTime:0 sec"
18.97.9.100 - - [12/May/2025:11:44:49 +0200] "GET /robots.txt HTTP/1.1" 200 13 "-" "Mozilla/5.0 AppleWebKit/537.36 (KHTML, like Gecko; compatible; PerplexityBot/1.0; +https://perplexity.ai/perplexitybot)" "Traffic IN:573 OUT:3677" "ReqTime:0 sec"
18.97.9.102 - - [12/May/2025:11:44:55 +0200] "GET /p/touch-befehl-unter-linux/ HTTP/1.1" 200 7123 "-" "Mozilla/5.0 AppleWebKit/537.36 (KHTML, like Gecko; compatible; PerplexityBot/1.0; +https://perplexity.ai/perplexitybot)" "Traffic IN:613 OUT:10820" "ReqTime:0 sec"
62.138.2.14 - - [12/May/2025:11:46:10 +0200] "GET /lpi-lpic-1-komplettausbildung-101-und-102-administrator/ HTTP/1.1" 200 6753 "-" "Mozilla/5.0 (X11; Linux x86_64) AppleWebKit/537.36 (KHTML, like Gecko) Chrome/124.0.0.0 Safari/537.36" "Traffic IN:938 OUT:10440" "ReqTime:0 sec"
62.138.3.52 - - [12/May/2025:11:50:16 +0200] "GET /tags/administration/page/4/ HTTP/1.1" 200 4440 "-" "Mozilla/5.0 (X11; Linux x86_64) AppleWebKit/537.36 (KHTML, like Gecko) Chrome/124.0.0.0 Safari/537.36" "Traffic IN:901 OUT:8127" "ReqTime:0 sec"
62.138.3.52 - - [12/May/2025:11:56:28 +0200] "GET /robots.txt HTTP/1.1" 200 13 "-" "Mozilla/5.0 (X11; Linux x86_64) AppleWebKit/537.36 (KHTML, like Gecko) Chrome/124.0.0.0 Safari/537.36" "Traffic IN:827 OUT:3699" "ReqTime:0 sec"
62.138.3.52 - - [12/May/2025:11:56:28 +0200] "GET /categories/pg_dump/ HTTP/1.1" 200 4181 "-" "Mozilla/5.0 (X11; Linux x86_64) AppleWebKit/537.36 (KHTML, like Gecko) Chrome/124.0.0.0 Safari/537.36" "Traffic IN:893 OUT:4833" "ReqTime:0 sec"
62.138.3.52 - - [12/May/2025:11:56:47 +0200] "GET /categories/alias/ HTTP/1.1" 200 4152 "-" "Mozilla/5.0 (X11; Linux x86_64) AppleWebKit/537.36 (KHTML, like Gecko) Chrome/124.0.0.0 Safari/537.36" "Traffic IN:891 OUT:4804" "ReqTime:0 sec"
62.138.2.14 - - [12/May/2025:11:58:14 +0200] "GET /robots.txt HTTP/1.1" 200 13 "-" "Mozilla/5.0 (X11; Linux x86_64) AppleWebKit/537.36 (KHTML, like Gecko) Chrome/124.0.0.0 Safari/537.36" "Traffic IN:835 OUT:3699" "ReqTime:0 sec"
62.138.2.14 - - [12/May/2025:11:58:14 +0200] "GET /categories/skripte/ HTTP/1.1" 200 4288 "-" "Mozilla/5.0 (X11; Linux x86_64) AppleWebKit/537.36 (KHTML, like Gecko) Chrome/124.0.0.0 Safari/537.36" "Traffic IN:901 OUT:4940" "ReqTime:0 sec"
47.128.45.169 - - [12/May/2025:11:59:28 +0200] "GET /postgresql-f%C3%BCr-administratoren-grundlagen/ HTTP/2.0" 200 5454 "-" "Mozilla/5.0 (compatible; Bytespider; spider-feedback@bytedance.com) AppleWebKit/537.36 (KHTML, like Gecko) Chrome/70.0.0.0 Safari/537.36" "Traffic IN:406 OUT:5598" "ReqTime:0 sec"
145.224.73.79 - - [12/May/2025:11:59:52 +0200] "GET /p/less-und-more-befehl-unter-linux/ HTTP/2.0" 200 6522 "https://www.bing.com/" "Mozilla/5.0 (Windows NT 10.0; Win64; x64) AppleWebKit/537.36 (KHTML, like Gecko) Chrome/136.0.0.0 Safari/537.36 Edg/136.0.0.0" "Traffic IN:552 OUT:6666" "ReqTime:0 sec"
145.224.73.79 - - [12/May/2025:11:59:52 +0200] "GET /scss/style.min.663803bebe609202d5b39d848f2d7c2dc8b598a2d879efa079fa88893d29c49c.css HTTP/2.0" 200 7173 "https://linux-trainings.de/p/less-und-more-befehl-unter-linux/" "Mozilla/5.0 (Windows NT 10.0; Win64; x64) AppleWebKit/537.36 (KHTML, like Gecko) Chrome/136.0.0.0 Safari/537.36 Edg/136.0.0.0" "Traffic IN:180 OUT:7233" "ReqTime:0 sec"
145.224.73.79 - - [12/May/2025:11:59:52 +0200] "GET /ts/main.1e9a3bafd846ced4c345d084b355fb8c7bae75701c338f8a1f8a82c780137826.js HTTP/2.0" 200 3193 "https://linux-trainings.de/p/less-und-more-befehl-unter-linux/" "Mozilla/5.0 (Windows NT 10.0; Win64; x64) AppleWebKit/537.36 (KHTML, like Gecko) Chrome/136.0.0.0 Safari/537.36 Edg/136.0.0.0" "Traffic IN:94 OUT:3263" "ReqTime:0 sec"
145.224.73.79 - - [12/May/2025:11:59:53 +0200] "GET /img/linux_trainings_hu13156771285612485734.png HTTP/2.0" 200 5986 "https://linux-trainings.de/p/less-und-more-befehl-unter-linux/" "Mozilla/5.0 (Windows NT 10.0; Win64; x64) AppleWebKit/537.36 (KHTML, like Gecko) Chrome/136.0.0.0 Safari/537.36 Edg/136.0.0.0" "Traffic IN:124 OUT:6066" "ReqTime:0 sec"
145.224.73.79 - - [12/May/2025:11:59:53 +0200] "GET /favicon.ico HTTP/2.0" 200 2869 "https://linux-trainings.de/p/less-und-more-befehl-unter-linux/" "Mozilla/5.0 (Windows NT 10.0; Win64; x64) AppleWebKit/537.36 (KHTML, like Gecko) Chrome/136.0.0.0 Safari/537.36 Edg/136.0.0.0" "Traffic IN:46 OUT:2954" "ReqTime:0 sec"
175.44.42.227 - - [12/May/2025:12:03:21 +0200] "GET / HTTP/1.1" 301 235 "http://rbnklv.laitrcus.online/" "Mozilla/5.0 (iPhone; CPU iPhone OS 17_0 like Mac OS X) AppleWebKit/605.1.15 (KHTML, like Gecko) Version/17.0 Mobile/15E148 Safari/605.1.15" "Traffic IN:527 OUT:484" "ReqTime:0 sec"
175.44.42.227 - - [12/May/2025:12:03:21 +0200] "GET / HTTP/2.0" 200 4509 "http://rbnklv.laitrcus.online/" "Mozilla/5.0 (iPhone; CPU iPhone OS 17_0 like Mac OS X) AppleWebKit/605.1.15 (KHTML, like Gecko) Version/17.0 Mobile/15E148 Safari/605.1.15" "Traffic IN:377 OUT:4653" "ReqTime:0 sec"
62.138.2.14 - - [12/May/2025:12:03:30 +0200] "GET /lpi-lpic-1-102-administrator/ HTTP/1.1" 200 6049 "-" "Mozilla/5.0 (X11; Linux x86_64) AppleWebKit/537.36 (KHTML, like Gecko) Chrome/124.0.0.0 Safari/537.36" "Traffic IN:911 OUT:9736" "ReqTime:0 sec"
62.138.3.52 - - [12/May/2025:12:03:32 +0200] "GET /lpi-linux-security-essentials/ HTTP/1.1" 200 5866 "-" "Mozilla/5.0 (X11; Linux x86_64) AppleWebKit/537.36 (KHTML, like Gecko) Chrome/124.0.0.0 Safari/537.36" "Traffic IN:904 OUT:9553" "ReqTime:0 sec"
62.138.3.52 - - [12/May/2025:12:03:51 +0200] "GET /categories/soft-link/ HTTP/1.1" 200 4156 "-" "Mozilla/5.0 (X11; Linux x86_64) AppleWebKit/537.36 (KHTML, like Gecko) Chrome/124.0.0.0 Safari/537.36" "Traffic IN:895 OUT:4808" "ReqTime:0 sec"
62.138.2.14 - - [12/May/2025:12:05:35 +0200] "GET /p/cat-befehl-unter-linux/ HTTP/1.1" 200 6185 "-" "Mozilla/5.0 (X11; Linux x86_64) AppleWebKit/537.36 (KHTML, like Gecko) Chrome/124.0.0.0 Safari/537.36" "Traffic IN:907 OUT:6837" "ReqTime:0 sec"
62.138.3.52 - - [12/May/2025:12:10:50 +0200] "GET /categories/soft-link/ HTTP/1.1" 200 4156 "-" "Mozilla/5.0 (X11; Linux x86_64) AppleWebKit/537.36 (KHTML, like Gecko) Chrome/124.0.0.0 Safari/537.36" "Traffic IN:895 OUT:7843" "ReqTime:0 sec"
